// Vitest Snapshot v1, https://vitest.dev/guide/snapshot.html

exports[`Config > basic config 1`] = `
[
  /node_modules\\[\\\\\\\\/\\]@lynx-js\\[\\\\\\\\/\\]/,
]
`;
